<html>
<body>
<pre>
<h1>µVision Build Log</h1>
<h2>Tool Versions:</h2>
IDE-Version: ¦ÌVision V5.22.0.0
Copyright (C) 2016 ARM Ltd and ARM Germany GmbH. All rights reserved.
License Information: Yan Razer, 11, LIC=LSNXV-P6BGA-74HS0-BTV31-C0LQD-68NKC
 
Tool Versions:
Toolchain:       MDK-ARM Plus  Version: 5.22
Toolchain Path:  D:\Keil522_content\ARM\ARMCC\Bin
C Compiler:      Armcc.exe V5.06 update 4 (build 422)
Assembler:       Armasm.exe V5.06 update 4 (build 422)
Linker/Locator:  ArmLink.exe V5.06 update 4 (build 422)
Library Manager: ArmAr.exe V5.06 update 4 (build 422)
Hex Converter:   FromElf.exe V5.06 update 4 (build 422)
CPU DLL:         SARMCM3.DLL V5.22
Dialog DLL:      DCM.DLL V1.13.9.0
Target DLL:      STLink\ST-LINKIII-KEIL_SWO.dll V2.0.18.0
Dialog DLL:      TCM.DLL V1.21.0.0
 
<h2>Project:</h2>
D:\OneDrive - The University of Nottingham Ningbo China\×ÀÃæ\ECE (2)\ECE\ECE.uvprojx
Project File Date:  04/21/2025

<h2>Output:</h2>
*** Using Compiler 'V5.06 update 4 (build 422)', folder: 'D:\Keil522_content\ARM\ARMCC\Bin'
Build target 'Target 1'
compiling PWM.c...
compiling Delay.c...
compiling GPIOSection_Init.c...
compiling PID.c...
compiling Filter.c...
compiling OLED.c...
blocks\source\OLED.c(321): warning:  #1-D: last line of file ends without a newline
  }
blocks\source\OLED.c: 1 warning, 0 errors
linking...
Program Size: Code=11610 RO-data=1790 RW-data=160 ZI-data=1952  
FromELF: creating hex file...
".\Objects\ECE.axf" - 0 Error(s), 1 Warning(s).

<h2>Software Packages used:</h2>

Package Vendor: ARM
                http://www.keil.com/pack/ARM.CMSIS.5.0.0.pack
                ARM::CMSIS:CORE:5.0.0
                CMSIS (Cortex Microcontroller Software Interface Standard)
   * Component: CORE Version: 5.0.0

Package Vendor: Keil
                http://www.keil.com/pack/Keil.STM32F1xx_DFP.2.2.0.pack
                Keil::Device:Startup:1.0.0
                STMicroelectronics STM32F1 Series Device Support, Drivers and Examples
   * Component: Startup Version: 1.0.0

<h2>Collection of Component include folders:</h2>
  D:\OneDrive - The University of Nottingham Ningbo China\×ÀÃæ\ECE (2)\ECE\RTE\Device\STM32F103C8
  D:\OneDrive - The University of Nottingham Ningbo China\×ÀÃæ\ECE (2)\ECE\RTE\_Target_1
  D:\Keil522_content\ARM\PACK\ARM\CMSIS\5.0.0\CMSIS\Include
  D:\Keil522_content\ARM\PACK\Keil\STM32F1xx_DFP\2.2.0\Device\Include

<h2>Collection of Component Files used:</h2>

   * Component: ARM::CMSIS:CORE:5.0.0

   * Component: Keil::Device:Startup:1.0.0
      Source file:   Device\Source\ARM\startup_stm32f10x_md.s
      Include file:  RTE_Driver\Config\RTE_Device.h
      Source file:   Device\Source\ARM\STM32F1xx_OPT.s
      Source file:   Device\Source\system_stm32f10x.c
Build Time Elapsed:  00:00:02
</pre>
</body>
</html>
